Archive member included because of file (symbol)

E:/Freescale/CW MCU v10.5/MCU/ARM_GCC_Support/ewl/lib/armv6-m\libc.a(exit.o)
                              ./Project_Settings/Startup_Code/__arm_start.o (exit)
E:/Freescale/CW MCU v10.5/MCU/ARM_GCC_Support/ewl/lib/armv6-m\libc.a(memset.o)
                              ./Project_Settings/Startup_Code/__arm_start.o (memset)
E:/Freescale/CW MCU v10.5/MCU/ARM_GCC_Support/ewl/lib/armv6-m\libc.a(printformat_.o)
                              (__pformatter_)
E:/Freescale/CW MCU v10.5/MCU/ARM_GCC_Support/ewl/lib/armv6-m\libc.a(scanformat_.o)
                              (__sformatter)
E:/Freescale/CW MCU v10.5/MCU/ARM_GCC_Support/ewl/lib/armv6-m\libc.a(ctype_aeabi.o)
                              E:/Freescale/CW MCU v10.5/MCU/ARM_GCC_Support/ewl/lib/armv6-m\libc.a(scanformat_.o) (isspace)
E:/Freescale/CW MCU v10.5/MCU/ARM_GCC_Support/ewl/lib/armv6-m\libc.a(__strtoul.o)
                              E:/Freescale/CW MCU v10.5/MCU/ARM_GCC_Support/ewl/lib/armv6-m\libc.a(scanformat_.o) (__strtoul)
E:/Freescale/CW MCU v10.5/MCU/ARM_GCC_Support/ewl/lib/armv6-m\libc.a(__filll_mem.o)
                              E:/Freescale/CW MCU v10.5/MCU/ARM_GCC_Support/ewl/lib/armv6-m\libc.a(memset.o) (__fill_mem)
E:/Freescale/CW MCU v10.5/MCU/ARM_GCC_Support/ewl/lib/armv6-m\libc.a(memchr.o)
                              E:/Freescale/CW MCU v10.5/MCU/ARM_GCC_Support/ewl/lib/armv6-m\libc.a(printformat_.o) (memchr)
E:/Freescale/CW MCU v10.5/MCU/ARM_GCC_Support/ewl/lib/armv6-m\libc.a(memcpy.o)
                              E:/Freescale/CW MCU v10.5/MCU/ARM_GCC_Support/ewl/lib/armv6-m\libc.a(scanformat_.o) (memcpy)
E:/Freescale/CW MCU v10.5/MCU/ARM_GCC_Support/ewl/lib/armv6-m\libc.a(strchr.o)
                              E:/Freescale/CW MCU v10.5/MCU/ARM_GCC_Support/ewl/lib/armv6-m\libc.a(printformat_.o) (strchr)
E:/Freescale/CW MCU v10.5/MCU/ARM_GCC_Support/ewl/lib/armv6-m\libc.a(strlen.o)
                              E:/Freescale/CW MCU v10.5/MCU/ARM_GCC_Support/ewl/lib/armv6-m\libc.a(printformat_.o) (strlen)
e:/freescale/cw mcu v10.5/cross_tools/arm-none-eabi-gcc-4_7_3/bin/../lib/gcc/arm-none-eabi/4.7.3/armv6-m\libgcc.a(_thumb1_case_sqi.o)
                              E:/Freescale/CW MCU v10.5/MCU/ARM_GCC_Support/ewl/lib/armv6-m\libc.a(__strtoul.o) (__gnu_thumb1_case_sqi)
e:/freescale/cw mcu v10.5/cross_tools/arm-none-eabi-gcc-4_7_3/bin/../lib/gcc/arm-none-eabi/4.7.3/armv6-m\libgcc.a(_thumb1_case_uqi.o)
                              E:/Freescale/CW MCU v10.5/MCU/ARM_GCC_Support/ewl/lib/armv6-m\libc.a(scanformat_.o) (__gnu_thumb1_case_uqi)
e:/freescale/cw mcu v10.5/cross_tools/arm-none-eabi-gcc-4_7_3/bin/../lib/gcc/arm-none-eabi/4.7.3/armv6-m\libgcc.a(_udivsi3.o)
                              E:/Freescale/CW MCU v10.5/MCU/ARM_GCC_Support/ewl/lib/armv6-m\libc.a(printformat_.o) (__aeabi_uidiv)
e:/freescale/cw mcu v10.5/cross_tools/arm-none-eabi-gcc-4_7_3/bin/../lib/gcc/arm-none-eabi/4.7.3/armv6-m\libgcc.a(_dvmd_tls.o)
                              e:/freescale/cw mcu v10.5/cross_tools/arm-none-eabi-gcc-4_7_3/bin/../lib/gcc/arm-none-eabi/4.7.3/armv6-m\libgcc.a(_udivsi3.o) (__aeabi_idiv0)
E:/Freescale/CW MCU v10.5/MCU/ARM_GCC_Support/ewl/lib/armv6-m\librt.a(gcc_ctor_dtor.o)
                              ./Project_Settings/Startup_Code/__arm_start.o (__init_cpp)
E:/Freescale/CW MCU v10.5/MCU/ARM_GCC_Support/ewl/lib/armv6-m\librt.a(ROMCopy.o)
                              ./Project_Settings/Startup_Code/__arm_start.o (__copy_rom_sections_to_ram)
E:/Freescale/CW MCU v10.5/MCU/ARM_GCC_Support/ewl/lib/armv6-m\librt.a(__arm_eabi_init.o)
                              E:/Freescale/CW MCU v10.5/MCU/ARM_GCC_Support/ewl/lib/armv6-m\libc.a(exit.o) (__destroy_global_chain)

Allocating common symbols
Common symbol       size              file

ASerialLdd1_DeviceDataPtr
                    0x4               ./Generated_Code/AS1.o
AD1_OutV            0x6               ./Generated_Code/AD1.o
AdcLdd1_DeviceDataPtr
                    0x4               ./Generated_Code/AD1.o
ASerialLdd2_DeviceDataPtr
                    0x4               ./Generated_Code/AS2.o
check               0xc               ./Sources/ProcessorExpert.o
SR_reg              0x1               ./Generated_Code/Cpu.o
result              0x6               ./Sources/ProcessorExpert.o
ch                  0x1               ./Sources/ProcessorExpert.o

Discarded input sections

 .text          0x00000000        0x0 ./Generated_Code/Vectors.o
 .data          0x00000000        0x0 ./Generated_Code/Vectors.o
 .bss           0x00000000        0x0 ./Generated_Code/Vectors.o
 .text          0x00000000        0x0 ./Generated_Code/Red.o
 .data          0x00000000        0x0 ./Generated_Code/Red.o
 .bss           0x00000000        0x0 ./Generated_Code/Red.o
 .debug_info    0x00000000       0x76 ./Generated_Code/Red.o
 .debug_abbrev  0x00000000       0x28 ./Generated_Code/Red.o
 .debug_aranges
                0x00000000       0x18 ./Generated_Code/Red.o
 .debug_macinfo
                0x00000000    0x2ee6a ./Generated_Code/Red.o
 .debug_line    0x00000000      0x223 ./Generated_Code/Red.o
 .debug_str     0x00000000      0x118 ./Generated_Code/Red.o
 .comment       0x00000000       0x7a ./Generated_Code/Red.o
 .ARM.attributes
                0x00000000       0x31 ./Generated_Code/Red.o
 .text          0x00000000        0x0 ./Generated_Code/PE_LDD.o
 .data          0x00000000        0x0 ./Generated_Code/PE_LDD.o
 .bss           0x00000000        0x0 ./Generated_Code/PE_LDD.o
 .rodata.PE_CpuClockConfigurations
                0x00000000       0x28 ./Generated_Code/PE_LDD.o
 .text.PE_FillMemory
                0x00000000       0x28 ./Generated_Code/PE_LDD.o
 .text.PE_PeripheralUsed
                0x00000000       0x68 ./Generated_Code/PE_LDD.o
 .text.LDD_SetClockConfiguration
                0x00000000       0x14 ./Generated_Code/PE_LDD.o
 .text          0x00000000        0x0 ./Generated_Code/Green.o
 .data          0x00000000        0x0 ./Generated_Code/Green.o
 .bss           0x00000000        0x0 ./Generated_Code/Green.o
 .debug_info    0x00000000       0x76 ./Generated_Code/Green.o
 .debug_abbrev  0x00000000       0x28 ./Generated_Code/Green.o
 .debug_aranges
                0x00000000       0x18 ./Generated_Code/Green.o
 .debug_macinfo
                0x00000000    0x2ee78 ./Generated_Code/Green.o
 .debug_line    0x00000000      0x227 ./Generated_Code/Green.o
 .debug_str     0x00000000      0x11a ./Generated_Code/Green.o
 .comment       0x00000000       0x7a ./Generated_Code/Green.o
 .ARM.attributes
                0x00000000       0x31 ./Generated_Code/Green.o
 .text          0x00000000        0x0 ./Generated_Code/Cpu.o
 .data          0x00000000        0x0 ./Generated_Code/Cpu.o
 .bss           0x00000000        0x0 ./Generated_Code/Cpu.o
 .bss.SR_lock   0x00000000        0x1 ./Generated_Code/Cpu.o
 COMMON         0x00000000        0x1 ./Generated_Code/Cpu.o
 .text          0x00000000        0x0 ./Generated_Code/Blue.o
 .data          0x00000000        0x0 ./Generated_Code/Blue.o
 .bss           0x00000000        0x0 ./Generated_Code/Blue.o
 .debug_info    0x00000000       0x76 ./Generated_Code/Blue.o
 .debug_abbrev  0x00000000       0x28 ./Generated_Code/Blue.o
 .debug_aranges
                0x00000000       0x18 ./Generated_Code/Blue.o
 .debug_macinfo
                0x00000000    0x2ee6b ./Generated_Code/Blue.o
 .debug_line    0x00000000      0x225 ./Generated_Code/Blue.o
 .debug_str     0x00000000      0x119 ./Generated_Code/Blue.o
 .comment       0x00000000       0x7a ./Generated_Code/Blue.o
 .ARM.attributes
                0x00000000       0x31 ./Generated_Code/Blue.o
 .text          0x00000000        0x0 ./Generated_Code/BitIoLdd3.o
 .data          0x00000000        0x0 ./Generated_Code/BitIoLdd3.o
 .bss           0x00000000        0x0 ./Generated_Code/BitIoLdd3.o
 .text.BitIoLdd3_SetDir
                0x00000000       0x3c ./Generated_Code/BitIoLdd3.o
 .text.BitIoLdd3_GetVal
                0x00000000       0x3c ./Generated_Code/BitIoLdd3.o
 .text.BitIoLdd3_PutVal
                0x00000000       0x30 ./Generated_Code/BitIoLdd3.o
 .text.BitIoLdd3_ClrVal
                0x00000000       0x18 ./Generated_Code/BitIoLdd3.o
 .text          0x00000000        0x0 ./Generated_Code/BitIoLdd2.o
 .data          0x00000000        0x0 ./Generated_Code/BitIoLdd2.o
 .bss           0x00000000        0x0 ./Generated_Code/BitIoLdd2.o
 .text.BitIoLdd2_SetDir
                0x00000000       0x40 ./Generated_Code/BitIoLdd2.o
 .text.BitIoLdd2_GetVal
                0x00000000       0x44 ./Generated_Code/BitIoLdd2.o
 .text.BitIoLdd2_PutVal
                0x00000000       0x34 ./Generated_Code/BitIoLdd2.o
 .text.BitIoLdd2_ClrVal
                0x00000000       0x1c ./Generated_Code/BitIoLdd2.o
 .text          0x00000000        0x0 ./Generated_Code/BitIoLdd1.o
 .data          0x00000000        0x0 ./Generated_Code/BitIoLdd1.o
 .bss           0x00000000        0x0 ./Generated_Code/BitIoLdd1.o
 .text.BitIoLdd1_SetDir
                0x00000000       0x40 ./Generated_Code/BitIoLdd1.o
 .text.BitIoLdd1_GetVal
                0x00000000       0x44 ./Generated_Code/BitIoLdd1.o
 .text.BitIoLdd1_PutVal
                0x00000000       0x34 ./Generated_Code/BitIoLdd1.o
 .text.BitIoLdd1_ClrVal
                0x00000000       0x1c ./Generated_Code/BitIoLdd1.o
 .text          0x00000000        0x0 ./Generated_Code/AdcLdd1.o
 .data          0x00000000        0x0 ./Generated_Code/AdcLdd1.o
 .bss           0x00000000        0x0 ./Generated_Code/AdcLdd1.o
 .text.AdcLdd1_CancelMeasurement
                0x00000000       0x28 ./Generated_Code/AdcLdd1.o
 .text.AdcLdd1_GetMeasurementCompleteStatus
                0x00000000       0x78 ./Generated_Code/AdcLdd1.o
 .text.AdcLdd1_StartCalibration
                0x00000000       0x44 ./Generated_Code/AdcLdd1.o
 .text          0x00000000        0x0 ./Generated_Code/ASerialLdd2.o
 .data          0x00000000        0x0 ./Generated_Code/ASerialLdd2.o
 .bss           0x00000000        0x0 ./Generated_Code/ASerialLdd2.o
 .text.ASerialLdd2_GetSentDataNum
                0x00000000       0x18 ./Generated_Code/ASerialLdd2.o
 .text          0x00000000        0x0 ./Generated_Code/ASerialLdd1.o
 .data          0x00000000        0x0 ./Generated_Code/ASerialLdd1.o
 .bss           0x00000000        0x0 ./Generated_Code/ASerialLdd1.o
 .text.ASerialLdd1_GetReceivedDataNum
                0x00000000       0x18 ./Generated_Code/ASerialLdd1.o
 .text.ASerialLdd1_GetSentDataNum
                0x00000000       0x18 ./Generated_Code/ASerialLdd1.o
 .text.ASerialLdd1_GetError
                0x00000000       0x28 ./Generated_Code/ASerialLdd1.o
 .text          0x00000000        0x0 ./Generated_Code/AS2.o
 .data          0x00000000        0x0 ./Generated_Code/AS2.o
 .bss           0x00000000        0x0 ./Generated_Code/AS2.o
 .text.AS2_GetCharsInRxBuf
                0x00000000       0x24 ./Generated_Code/AS2.o
 .text.AS2_GetCharsInTxBuf
                0x00000000       0x2c ./Generated_Code/AS2.o
 .text          0x00000000        0x0 ./Generated_Code/AS1.o
 .data          0x00000000        0x0 ./Generated_Code/AS1.o
 .bss           0x00000000        0x0 ./Generated_Code/AS1.o
 .text.AS1_RecvChar
                0x00000000       0x8c ./Generated_Code/AS1.o
 .text.AS1_GetCharsInRxBuf
                0x00000000       0x24 ./Generated_Code/AS1.o
 .text.AS1_GetCharsInTxBuf
                0x00000000       0x2c ./Generated_Code/AS1.o
 .text          0x00000000        0x0 ./Generated_Code/AD1.o
 .data          0x00000000        0x0 ./Generated_Code/AD1.o
 .bss           0x00000000        0x0 ./Generated_Code/AD1.o
 .text.AD1_Calibrate
                0x00000000       0x80 ./Generated_Code/AD1.o
 .text          0x00000000        0x0 ./Project_Settings/Startup_Code/__arm_start.o
 .data          0x00000000        0x0 ./Project_Settings/Startup_Code/__arm_start.o
 .bss           0x00000000        0x0 ./Project_Settings/Startup_Code/__arm_start.o
 .text.__iar_program_start
                0x00000000        0x4 ./Project_Settings/Startup_Code/__arm_start.o
 .text          0x00000000        0x0 ./Project_Settings/Startup_Code/__arm_end.o
 .data          0x00000000        0x0 ./Project_Settings/Startup_Code/__arm_end.o
 .bss           0x00000000        0x0 ./Project_Settings/Startup_Code/__arm_end.o
 .text          0x00000000        0x0 ./Sources/sa_mtb.o
 .data          0x00000000        0x0 ./Sources/sa_mtb.o
 .bss           0x00000000        0x0 ./Sources/sa_mtb.o
 .debug_info    0x00000000       0x21 ./Sources/sa_mtb.o
 .debug_abbrev  0x00000000       0x12 ./Sources/sa_mtb.o
 .debug_aranges
                0x00000000       0x18 ./Sources/sa_mtb.o
 .debug_macinfo
                0x00000000     0x24d8 ./Sources/sa_mtb.o
 .debug_line    0x00000000       0xaa ./Sources/sa_mtb.o
 .debug_str     0x00000000       0x89 ./Sources/sa_mtb.o
 .comment       0x00000000       0x7a ./Sources/sa_mtb.o
 .ARM.attributes
                0x00000000       0x31 ./Sources/sa_mtb.o
 .text          0x00000000        0x0 ./Sources/ProcessorExpert.o
 .data          0x00000000        0x0 ./Sources/ProcessorExpert.o
 .bss           0x00000000        0x0 ./Sources/ProcessorExpert.o
 .text          0x00000000        0x0 ./Sources/Events.o
 .data          0x00000000        0x0 ./Sources/Events.o
 .bss           0x00000000        0x0 ./Sources/Events.o
 .text          0x00000000        0x0 E:/Freescale/CW MCU v10.5/MCU/ARM_GCC_Support/ewl/lib/armv6-m\libc.a(exit.o)
 .data          0x00000000        0x0 E:/Freescale/CW MCU v10.5/MCU/ARM_GCC_Support/ewl/lib/armv6-m\libc.a(exit.o)
 .bss           0x00000000        0x0 E:/Freescale/CW MCU v10.5/MCU/ARM_GCC_Support/ewl/lib/armv6-m\libc.a(exit.o)
 .text          0x00000000        0x0 E:/Freescale/CW MCU v10.5/MCU/ARM_GCC_Support/ewl/lib/armv6-m\libc.a(memset.o)
 .data          0x00000000        0x0 E:/Freescale/CW MCU v10.5/MCU/ARM_GCC_Support/ewl/lib/armv6-m\libc.a(memset.o)
 .bss           0x00000000        0x0 E:/Freescale/CW MCU v10.5/MCU/ARM_GCC_Support/ewl/lib/armv6-m\libc.a(memset.o)
 .text          0x00000000        0x0 E:/Freescale/CW MCU v10.5/MCU/ARM_GCC_Support/ewl/lib/armv6-m\libc.a(printformat_.o)
 .data          0x00000000        0x0 E:/Freescale/CW MCU v10.5/MCU/ARM_GCC_Support/ewl/lib/armv6-m\libc.a(printformat_.o)
 .bss           0x00000000        0x0 E:/Freescale/CW MCU v10.5/MCU/ARM_GCC_Support/ewl/lib/armv6-m\libc.a(printformat_.o)
 .text          0x00000000        0x0 E:/Freescale/CW MCU v10.5/MCU/ARM_GCC_Support/ewl/lib/armv6-m\libc.a(scanformat_.o)
 .data          0x00000000        0x0 E:/Freescale/CW MCU v10.5/MCU/ARM_GCC_Support/ewl/lib/armv6-m\libc.a(scanformat_.o)
 .bss           0x00000000        0x0 E:/Freescale/CW MCU v10.5/MCU/ARM_GCC_Support/ewl/lib/armv6-m\libc.a(scanformat_.o)
 .text          0x00000000        0x0 E:/Freescale/CW MCU v10.5/MCU/ARM_GCC_Support/ewl/lib/armv6-m\libc.a(ctype_aeabi.o)
 .data          0x00000000        0x0 E:/Freescale/CW MCU v10.5/MCU/ARM_GCC_Support/ewl/lib/armv6-m\libc.a(ctype_aeabi.o)
 .bss           0x00000000        0x0 E:/Freescale/CW MCU v10.5/MCU/ARM_GCC_Support/ewl/lib/armv6-m\libc.a(ctype_aeabi.o)
 .text.isalnum  0x00000000       0x1c E:/Freescale/CW MCU v10.5/MCU/ARM_GCC_Support/ewl/lib/armv6-m\libc.a(ctype_aeabi.o)
 .text.iscntrl  0x00000000       0x20 E:/Freescale/CW MCU v10.5/MCU/ARM_GCC_Support/ewl/lib/armv6-m\libc.a(ctype_aeabi.o)
 .text.isdigit  0x00000000        0xe E:/Freescale/CW MCU v10.5/MCU/ARM_GCC_Support/ewl/lib/armv6-m\libc.a(ctype_aeabi.o)
 .text.isgraph  0x00000000       0x1c E:/Freescale/CW MCU v10.5/MCU/ARM_GCC_Support/ewl/lib/armv6-m\libc.a(ctype_aeabi.o)
 .text.islower  0x00000000       0x20 E:/Freescale/CW MCU v10.5/MCU/ARM_GCC_Support/ewl/lib/armv6-m\libc.a(ctype_aeabi.o)
 .text.isprint  0x00000000       0x1c E:/Freescale/CW MCU v10.5/MCU/ARM_GCC_Support/ewl/lib/armv6-m\libc.a(ctype_aeabi.o)
 .text.ispunct  0x00000000       0x20 E:/Freescale/CW MCU v10.5/MCU/ARM_GCC_Support/ewl/lib/armv6-m\libc.a(ctype_aeabi.o)
 .text.isupper  0x00000000       0x20 E:/Freescale/CW MCU v10.5/MCU/ARM_GCC_Support/ewl/lib/armv6-m\libc.a(ctype_aeabi.o)
 .text.isxdigit
                0x00000000       0x20 E:/Freescale/CW MCU v10.5/MCU/ARM_GCC_Support/ewl/lib/armv6-m\libc.a(ctype_aeabi.o)
 .text.isblank  0x00000000       0x28 E:/Freescale/CW MCU v10.5/MCU/ARM_GCC_Support/ewl/lib/armv6-m\libc.a(ctype_aeabi.o)
 .text.tolower  0x00000000        0xe E:/Freescale/CW MCU v10.5/MCU/ARM_GCC_Support/ewl/lib/armv6-m\libc.a(ctype_aeabi.o)
 .text          0x00000000        0x0 E:/Freescale/CW MCU v10.5/MCU/ARM_GCC_Support/ewl/lib/armv6-m\libc.a(__strtoul.o)
 .data          0x00000000        0x0 E:/Freescale/CW MCU v10.5/MCU/ARM_GCC_Support/ewl/lib/armv6-m\libc.a(__strtoul.o)
 .bss           0x00000000        0x0 E:/Freescale/CW MCU v10.5/MCU/ARM_GCC_Support/ewl/lib/armv6-m\libc.a(__strtoul.o)
 .text          0x00000000        0x0 E:/Freescale/CW MCU v10.5/MCU/ARM_GCC_Support/ewl/lib/armv6-m\libc.a(__filll_mem.o)
 .data          0x00000000        0x0 E:/Freescale/CW MCU v10.5/MCU/ARM_GCC_Support/ewl/lib/armv6-m\libc.a(__filll_mem.o)
 .bss           0x00000000        0x0 E:/Freescale/CW MCU v10.5/MCU/ARM_GCC_Support/ewl/lib/armv6-m\libc.a(__filll_mem.o)
 .text          0x00000000        0x0 E:/Freescale/CW MCU v10.5/MCU/ARM_GCC_Support/ewl/lib/armv6-m\libc.a(memchr.o)
 .data          0x00000000        0x0 E:/Freescale/CW MCU v10.5/MCU/ARM_GCC_Support/ewl/lib/armv6-m\libc.a(memchr.o)
 .bss           0x00000000        0x0 E:/Freescale/CW MCU v10.5/MCU/ARM_GCC_Support/ewl/lib/armv6-m\libc.a(memchr.o)
 .text          0x00000000        0x0 E:/Freescale/CW MCU v10.5/MCU/ARM_GCC_Support/ewl/lib/armv6-m\libc.a(memcpy.o)
 .data          0x00000000        0x0 E:/Freescale/CW MCU v10.5/MCU/ARM_GCC_Support/ewl/lib/armv6-m\libc.a(memcpy.o)
 .bss           0x00000000        0x0 E:/Freescale/CW MCU v10.5/MCU/ARM_GCC_Support/ewl/lib/armv6-m\libc.a(memcpy.o)
 .text          0x00000000        0x0 E:/Freescale/CW MCU v10.5/MCU/ARM_GCC_Support/ewl/lib/armv6-m\libc.a(strchr.o)
 .data          0x00000000        0x0 E:/Freescale/CW MCU v10.5/MCU/ARM_GCC_Support/ewl/lib/armv6-m\libc.a(strchr.o)
 .bss           0x00000000        0x0 E:/Freescale/CW MCU v10.5/MCU/ARM_GCC_Support/ewl/lib/armv6-m\libc.a(strchr.o)
 .text          0x00000000        0x0 E:/Freescale/CW MCU v10.5/MCU/ARM_GCC_Support/ewl/lib/armv6-m\libc.a(strlen.o)
 .data          0x00000000        0x0 E:/Freescale/CW MCU v10.5/MCU/ARM_GCC_Support/ewl/lib/armv6-m\libc.a(strlen.o)
 .bss           0x00000000        0x0 E:/Freescale/CW MCU v10.5/MCU/ARM_GCC_Support/ewl/lib/armv6-m\libc.a(strlen.o)
 .data          0x00000000        0x0 e:/freescale/cw mcu v10.5/cross_tools/arm-none-eabi-gcc-4_7_3/bin/../lib/gcc/arm-none-eabi/4.7.3/armv6-m\libgcc.a(_thumb1_case_sqi.o)
 .bss           0x00000000        0x0 e:/freescale/cw mcu v10.5/cross_tools/arm-none-eabi-gcc-4_7_3/bin/../lib/gcc/arm-none-eabi/4.7.3/armv6-m\libgcc.a(_thumb1_case_sqi.o)
 .data          0x00000000        0x0 e:/freescale/cw mcu v10.5/cross_tools/arm-none-eabi-gcc-4_7_3/bin/../lib/gcc/arm-none-eabi/4.7.3/armv6-m\libgcc.a(_thumb1_case_uqi.o)
 .bss           0x00000000        0x0 e:/freescale/cw mcu v10.5/cross_tools/arm-none-eabi-gcc-4_7_3/bin/../lib/gcc/arm-none-eabi/4.7.3/armv6-m\libgcc.a(_thumb1_case_uqi.o)
 .data          0x00000000        0x0 e:/freescale/cw mcu v10.5/cross_tools/arm-none-eabi-gcc-4_7_3/bin/../lib/gcc/arm-none-eabi/4.7.3/armv6-m\libgcc.a(_udivsi3.o)
 .bss           0x00000000        0x0 e:/freescale/cw mcu v10.5/cross_tools/arm-none-eabi-gcc-4_7_3/bin/../lib/gcc/arm-none-eabi/4.7.3/armv6-m\libgcc.a(_udivsi3.o)
 .data          0x00000000        0x0 e:/freescale/cw mcu v10.5/cross_tools/arm-none-eabi-gcc-4_7_3/bin/../lib/gcc/arm-none-eabi/4.7.3/armv6-m\libgcc.a(_dvmd_tls.o)
 .bss           0x00000000        0x0 e:/freescale/cw mcu v10.5/cross_tools/arm-none-eabi-gcc-4_7_3/bin/../lib/gcc/arm-none-eabi/4.7.3/armv6-m\libgcc.a(_dvmd_tls.o)
 .text          0x00000000        0x0 E:/Freescale/CW MCU v10.5/MCU/ARM_GCC_Support/ewl/lib/armv6-m\librt.a(gcc_ctor_dtor.o)
 .data          0x00000000        0x0 E:/Freescale/CW MCU v10.5/MCU/ARM_GCC_Support/ewl/lib/armv6-m\librt.a(gcc_ctor_dtor.o)
 .bss           0x00000000        0x0 E:/Freescale/CW MCU v10.5/MCU/ARM_GCC_Support/ewl/lib/armv6-m\librt.a(gcc_ctor_dtor.o)
 .bss.__dso_handle
                0x00000000        0x4 E:/Freescale/CW MCU v10.5/MCU/ARM_GCC_Support/ewl/lib/armv6-m\librt.a(gcc_ctor_dtor.o)
 .text          0x00000000        0x0 E:/Freescale/CW MCU v10.5/MCU/ARM_GCC_Support/ewl/lib/armv6-m\librt.a(ROMCopy.o)
 .data          0x00000000        0x0 E:/Freescale/CW MCU v10.5/MCU/ARM_GCC_Support/ewl/lib/armv6-m\librt.a(ROMCopy.o)
 .bss           0x00000000        0x0 E:/Freescale/CW MCU v10.5/MCU/ARM_GCC_Support/ewl/lib/armv6-m\librt.a(ROMCopy.o)
 .text.__flush_cache
                0x00000000        0x2 E:/Freescale/CW MCU v10.5/MCU/ARM_GCC_Support/ewl/lib/armv6-m\librt.a(ROMCopy.o)
 .text          0x00000000        0x0 E:/Freescale/CW MCU v10.5/MCU/ARM_GCC_Support/ewl/lib/armv6-m\librt.a(__arm_eabi_init.o)
 .data          0x00000000        0x0 E:/Freescale/CW MCU v10.5/MCU/ARM_GCC_Support/ewl/lib/armv6-m\librt.a(__arm_eabi_init.o)
 .bss           0x00000000        0x0 E:/Freescale/CW MCU v10.5/MCU/ARM_GCC_Support/ewl/lib/armv6-m\librt.a(__arm_eabi_init.o)
 .text.__register_global_object
                0x00000000       0x14 E:/Freescale/CW MCU v10.5/MCU/ARM_GCC_Support/ewl/lib/armv6-m\librt.a(__arm_eabi_init.o)
 .text.__cxa_atexit
                0x00000000       0x38 E:/Freescale/CW MCU v10.5/MCU/ARM_GCC_Support/ewl/lib/armv6-m\librt.a(__arm_eabi_init.o)
 .text.__aeabi_atexit
                0x00000000        0xe E:/Freescale/CW MCU v10.5/MCU/ARM_GCC_Support/ewl/lib/armv6-m\librt.a(__arm_eabi_init.o)
 .text.__register_atexit
                0x00000000        0xc E:/Freescale/CW MCU v10.5/MCU/ARM_GCC_Support/ewl/lib/armv6-m\librt.a(__arm_eabi_init.o)
 .text.__init_hardware
                0x00000000        0x4 E:/Freescale/CW MCU v10.5/MCU/ARM_GCC_Support/ewl/lib/armv6-m\librt.a(__arm_eabi_init.o)
 .bss.atexit_curr_func
                0x00000000        0x4 E:/Freescale/CW MCU v10.5/MCU/ARM_GCC_Support/ewl/lib/armv6-m\librt.a(__arm_eabi_init.o)
 .bss.atexit_funcs
                0x00000000      0x300 E:/Freescale/CW MCU v10.5/MCU/ARM_GCC_Support/ewl/lib/armv6-m\librt.a(__arm_eabi_init.o)

Memory Configuration

Name             Origin             Length             Attributes
m_interrupts     0x00000000         0x000000c0         xr
m_text           0x00000410         0x0001fbf0         xr
m_data           0x1ffff000         0x00004000         rw
m_cfmprotrom     0x00000400         0x00000010         xr
*default*        0x00000000         0xffffffff

Linker script and memory map

LOAD ./Generated_Code/Vectors.o
LOAD ./Generated_Code/Red.o
LOAD ./Generated_Code/PE_LDD.o
LOAD ./Generated_Code/Green.o
LOAD ./Generated_Code/Cpu.o
LOAD ./Generated_Code/Blue.o
LOAD ./Generated_Code/BitIoLdd3.o
LOAD ./Generated_Code/BitIoLdd2.o
LOAD ./Generated_Code/BitIoLdd1.o
LOAD ./Generated_Code/AdcLdd1.o
LOAD ./Generated_Code/ASerialLdd2.o
LOAD ./Generated_Code/ASerialLdd1.o
LOAD ./Generated_Code/AS2.o
LOAD ./Generated_Code/AS1.o
LOAD ./Generated_Code/AD1.o
LOAD ./Project_Settings/Startup_Code/__arm_start.o
LOAD ./Project_Settings/Startup_Code/__arm_end.o
LOAD ./Sources/sa_mtb.o
LOAD ./Sources/ProcessorExpert.o
LOAD ./Sources/Events.o
                0x00001b4c                __pformatter = __pformatter_
                [0x00001f74]                __sformatter = __sformatter
START GROUP
LOAD E:/Freescale/CW MCU v10.5/MCU/ARM_GCC_Support/ewl/lib/armv6-m\libc.a
LOAD E:/Freescale/CW MCU v10.5/MCU/ARM_GCC_Support/ewl/lib/armv6-m\libm.a
LOAD e:/freescale/cw mcu v10.5/cross_tools/arm-none-eabi-gcc-4_7_3/bin/../lib/gcc/arm-none-eabi/4.7.3/armv6-m\libgcc.a
LOAD E:/Freescale/CW MCU v10.5/MCU/ARM_GCC_Support/ewl/lib/armv6-m\librt.a
LOAD E:/Freescale/CW MCU v10.5/MCU/ARM_GCC_Support/ewl/lib/armv6-m\libuart.a
END GROUP
                0x20003000                _estack = 0x20003000
                0x20003000                __SP_INIT = _estack
                0x00000000                __heap_size = 0x0
                0x00000400                __stack_size = 0x400

.interrupts     0x00000000       0xc0
                0x00000000                __vector_table = .
                0x00000000                . = ALIGN (0x4)
 *(.vectortable)
 .vectortable   0x00000000       0xc0 ./Generated_Code/Vectors.o
                0x00000000                __vect_table
                0x000000c0                . = ALIGN (0x4)

.cfmprotect     0x00000400       0x10
                0x00000400                . = ALIGN (0x4)
 *(.cfmconfig)
 .cfmconfig     0x00000400       0x10 ./Generated_Code/Cpu.o
                0x00000400                _cfm
                0x00000410                . = ALIGN (0x4)

.text           0x00000410     0x2784
                0x00000410                . = ALIGN (0x4)
 *(.text)
 .text          0x00000410       0x14 e:/freescale/cw mcu v10.5/cross_tools/arm-none-eabi-gcc-4_7_3/bin/../lib/gcc/arm-none-eabi/4.7.3/armv6-m\libgcc.a(_thumb1_case_sqi.o)
                0x00000410                __gnu_thumb1_case_sqi
 .text          0x00000424       0x14 e:/freescale/cw mcu v10.5/cross_tools/arm-none-eabi-gcc-4_7_3/bin/../lib/gcc/arm-none-eabi/4.7.3/armv6-m\libgcc.a(_thumb1_case_uqi.o)
                0x00000424                __gnu_thumb1_case_uqi
 .text          0x00000438       0x9c e:/freescale/cw mcu v10.5/cross_tools/arm-none-eabi-gcc-4_7_3/bin/../lib/gcc/arm-none-eabi/4.7.3/armv6-m\libgcc.a(_udivsi3.o)
                0x00000438                __aeabi_uidiv
                0x00000438                __udivsi3
                0x000004c0                __aeabi_uidivmod
 .text          0x000004d4        0x4 e:/freescale/cw mcu v10.5/cross_tools/arm-none-eabi-gcc-4_7_3/bin/../lib/gcc/arm-none-eabi/4.7.3/armv6-m\libgcc.a(_dvmd_tls.o)
                0x000004d4                __aeabi_idiv0
                0x000004d4                __aeabi_ldiv0
 *(.text*)
 .text.Cpu_INT_NMIInterrupt
                0x000004d8        0xc ./Generated_Code/Cpu.o
                0x000004d8                Cpu_INT_NMIInterrupt
 .text.Cpu_Interrupt
                0x000004e4        0xc ./Generated_Code/Cpu.o
                0x000004e4                Cpu_Interrupt
 .text.__init_hardware
                0x000004f0      0x170 ./Generated_Code/Cpu.o
                0x000004f0                __init_hardware
 .text.PE_low_level_init
                0x00000660       0xf0 ./Generated_Code/Cpu.o
                0x00000660                PE_low_level_init
 .text.BitIoLdd3_Init
                0x00000750       0x60 ./Generated_Code/BitIoLdd3.o
                0x00000750                BitIoLdd3_Init
 .text.BitIoLdd3_SetVal
                0x000007b0       0x18 ./Generated_Code/BitIoLdd3.o
                0x000007b0                BitIoLdd3_SetVal
 .text.BitIoLdd3_NegVal
                0x000007c8       0x18 ./Generated_Code/BitIoLdd3.o
                0x000007c8                BitIoLdd3_NegVal
 .text.BitIoLdd2_Init
                0x000007e0       0x64 ./Generated_Code/BitIoLdd2.o
                0x000007e0                BitIoLdd2_Init
 .text.BitIoLdd2_SetVal
                0x00000844       0x1c ./Generated_Code/BitIoLdd2.o
                0x00000844                BitIoLdd2_SetVal
 .text.BitIoLdd2_NegVal
                0x00000860       0x1c ./Generated_Code/BitIoLdd2.o
                0x00000860                BitIoLdd2_NegVal
 .text.BitIoLdd1_Init
                0x0000087c       0x64 ./Generated_Code/BitIoLdd1.o
                0x0000087c                BitIoLdd1_Init
 .text.BitIoLdd1_SetVal
                0x000008e0       0x1c ./Generated_Code/BitIoLdd1.o
                0x000008e0                BitIoLdd1_SetVal
 .text.BitIoLdd1_NegVal
                0x000008fc       0x1c ./Generated_Code/BitIoLdd1.o
                0x000008fc                BitIoLdd1_NegVal
 .text.AdcLdd1_Init
                0x00000918       0xa8 ./Generated_Code/AdcLdd1.o
                0x00000918                AdcLdd1_Init
 .text.AdcLdd1_StartSingleMeasurement
                0x000009c0       0x44 ./Generated_Code/AdcLdd1.o
                0x000009c0                AdcLdd1_StartSingleMeasurement
 .text.AdcLdd1_CreateSampleGroup
                0x00000a04       0x6c ./Generated_Code/AdcLdd1.o
                0x00000a04                AdcLdd1_CreateSampleGroup
 .text.AdcLdd1_GetMeasuredValues
                0x00000a70       0x60 ./Generated_Code/AdcLdd1.o
                0x00000a70                AdcLdd1_GetMeasuredValues
 .text.AdcLdd1_GetCalibrationResultStatus
                0x00000ad0       0xb8 ./Generated_Code/AdcLdd1.o
                0x00000ad0                AdcLdd1_GetCalibrationResultStatus
 .text.AdcLdd1_MeasurementCompleteInterrupt
                0x00000b88       0x30 ./Generated_Code/AdcLdd1.o
                0x00000b88                AdcLdd1_MeasurementCompleteInterrupt
 .text.ASerialLdd2_Init
                0x00000bb8      0x114 ./Generated_Code/ASerialLdd2.o
                0x00000bb8                ASerialLdd2_Init
 .text.ASerialLdd2_ReceiveBlock
                0x00000ccc       0x48 ./Generated_Code/ASerialLdd2.o
                0x00000ccc                ASerialLdd2_ReceiveBlock
 .text.ASerialLdd2_SendBlock
                0x00000d14       0x58 ./Generated_Code/ASerialLdd2.o
                0x00000d14                ASerialLdd2_SendBlock
 .text.ASerialLdd2_GetReceivedDataNum
                0x00000d6c       0x18 ./Generated_Code/ASerialLdd2.o
                0x00000d6c                ASerialLdd2_GetReceivedDataNum
 .text.InterruptRx
                0x00000d84       0x50 ./Generated_Code/ASerialLdd2.o
 .text.InterruptTx
                0x00000dd4       0x5c ./Generated_Code/ASerialLdd2.o
 .text.ASerialLdd2_Main
                0x00000e30       0xe4 ./Generated_Code/ASerialLdd2.o
                0x00000e30                ASerialLdd2_Main
 .text.ASerialLdd2_GetError
                0x00000f14       0x28 ./Generated_Code/ASerialLdd2.o
                0x00000f14                ASerialLdd2_GetError
 .text.ASerialLdd1_Init
                0x00000f3c      0x170 ./Generated_Code/ASerialLdd1.o
                0x00000f3c                ASerialLdd1_Init
 .text.ASerialLdd1_ReceiveBlock
                0x000010ac       0x48 ./Generated_Code/ASerialLdd1.o
                0x000010ac                ASerialLdd1_ReceiveBlock
 .text.ASerialLdd1_SendBlock
                0x000010f4       0x58 ./Generated_Code/ASerialLdd1.o
                0x000010f4                ASerialLdd1_SendBlock
 .text.InterruptRx
                0x0000114c       0x50 ./Generated_Code/ASerialLdd1.o
 .text.InterruptTx
                0x0000119c       0x5c ./Generated_Code/ASerialLdd1.o
 .text.ASerialLdd1_Main
                0x000011f8       0xec ./Generated_Code/ASerialLdd1.o
                0x000011f8                ASerialLdd1_Main
 .text.HWEnDi   0x000012e4       0x20 ./Generated_Code/AS2.o
 .text.AS2_RecvChar
                0x00001304       0x8c ./Generated_Code/AS2.o
                0x00001304                AS2_RecvChar
 .text.AS2_SendChar
                0x00001390       0x68 ./Generated_Code/AS2.o
                0x00001390                AS2_SendChar
 .text.AS2_Init
                0x000013f8       0x28 ./Generated_Code/AS2.o
                0x000013f8                AS2_Init
 .text.ASerialLdd2_OnBreak
                0x00001420       0x20 ./Generated_Code/AS2.o
                0x00001420                ASerialLdd2_OnBreak
 .text.HWEnDi   0x00001440       0x20 ./Generated_Code/AS1.o
 .text.AS1_SendChar
                0x00001460       0x68 ./Generated_Code/AS1.o
                0x00001460                AS1_SendChar
 .text.AS1_Init
                0x000014c8       0x28 ./Generated_Code/AS1.o
                0x000014c8                AS1_Init
 .text.ASerialLdd1_OnBreak
                0x000014f0       0x20 ./Generated_Code/AS1.o
                0x000014f0                ASerialLdd1_OnBreak
 .text.ClrSumV  0x00001510       0x20 ./Generated_Code/AD1.o
 .text.AD1_HWEnDi
                0x00001530       0x58 ./Generated_Code/AD1.o
                0x00001530                AD1_HWEnDi
 .text.AD1_Measure
                0x00001588       0x48 ./Generated_Code/AD1.o
                0x00001588                AD1_Measure
 .text.AD1_GetValue16
                0x000015d0       0x4c ./Generated_Code/AD1.o
                0x000015d0                AD1_GetValue16
 .text.AdcLdd1_OnMeasurementComplete
                0x0000161c       0xb4 ./Generated_Code/AD1.o
                0x0000161c                AdcLdd1_OnMeasurementComplete
 .text.AD1_Init
                0x000016d0       0x2c ./Generated_Code/AD1.o
                0x000016d0                AD1_Init
 .text.zero_fill_bss
                0x000016fc       0x24 ./Project_Settings/Startup_Code/__arm_start.o
 .text.__thumb_startup
                0x00001720       0x30 ./Project_Settings/Startup_Code/__arm_start.o
                0x00001720                __thumb_startup
 .text._ExitProcess
                0x00001750        0xc ./Project_Settings/Startup_Code/__arm_end.o
                0x00001750                _ExitProcess
 .text.ShutDownLed
                0x0000175c       0x2c ./Sources/ProcessorExpert.o
                0x0000175c                ShutDownLed
 .text.main     0x00001788      0x1c0 ./Sources/ProcessorExpert.o
                0x00001788                main
 .text.Cpu_OnNMIINT
                0x00001948        0x8 ./Sources/Events.o
                0x00001948                Cpu_OnNMIINT
 .text.AD1_OnEnd
                0x00001950       0x14 ./Sources/Events.o
                0x00001950                AD1_OnEnd
 .text.AD1_OnCalibrationEnd
                0x00001964        0x8 ./Sources/Events.o
                0x00001964                AD1_OnCalibrationEnd
 .text.exit     0x0000196c       0x38 E:/Freescale/CW MCU v10.5/MCU/ARM_GCC_Support/ewl/lib/armv6-m\libc.a(exit.o)
                0x0000196c                exit
 .text.memset   0x000019a4        0xc E:/Freescale/CW MCU v10.5/MCU/ARM_GCC_Support/ewl/lib/armv6-m\libc.a(memset.o)
                0x000019a4                memset
 .text.long2str.isra.0
                0x000019b0      0x19c E:/Freescale/CW MCU v10.5/MCU/ARM_GCC_Support/ewl/lib/armv6-m\libc.a(printformat_.o)
 .text.__pformatter_
                0x00001b4c      0x428 E:/Freescale/CW MCU v10.5/MCU/ARM_GCC_Support/ewl/lib/armv6-m\libc.a(printformat_.o)
                0x00001b4c                __pformatter_
 .text.__sformatter
                0x00001f74      0x698 E:/Freescale/CW MCU v10.5/MCU/ARM_GCC_Support/ewl/lib/armv6-m\libc.a(scanformat_.o)
                0x00001f74                __sformatter
 .text.isalpha  0x0000260c       0x20 E:/Freescale/CW MCU v10.5/MCU/ARM_GCC_Support/ewl/lib/armv6-m\libc.a(ctype_aeabi.o)
                0x0000260c                isalpha
 .text.isspace  0x0000262c       0x20 E:/Freescale/CW MCU v10.5/MCU/ARM_GCC_Support/ewl/lib/armv6-m\libc.a(ctype_aeabi.o)
                0x0000262c                isspace
 .text.toupper  0x0000264c        0xe E:/Freescale/CW MCU v10.5/MCU/ARM_GCC_Support/ewl/lib/armv6-m\libc.a(ctype_aeabi.o)
                0x0000264c                toupper
 .text.__strtoul
                0x0000265a      0x1ce E:/Freescale/CW MCU v10.5/MCU/ARM_GCC_Support/ewl/lib/armv6-m\libc.a(__strtoul.o)
                0x0000265a                __strtoul
 .text.__fill_mem
                0x00002828       0x7e E:/Freescale/CW MCU v10.5/MCU/ARM_GCC_Support/ewl/lib/armv6-m\libc.a(__filll_mem.o)
                0x00002828                __fill_mem
 .text.memchr   0x000028a6       0x1a E:/Freescale/CW MCU v10.5/MCU/ARM_GCC_Support/ewl/lib/armv6-m\libc.a(memchr.o)
                0x000028a6                memchr
 .text.memcpy   0x000028c0       0x12 E:/Freescale/CW MCU v10.5/MCU/ARM_GCC_Support/ewl/lib/armv6-m\libc.a(memcpy.o)
                0x000028c0                memcpy
 .text.strchr   0x000028d2       0x1e E:/Freescale/CW MCU v10.5/MCU/ARM_GCC_Support/ewl/lib/armv6-m\libc.a(strchr.o)
                0x000028d2                strchr
 .text.strlen   0x000028f0       0x10 E:/Freescale/CW MCU v10.5/MCU/ARM_GCC_Support/ewl/lib/armv6-m\libc.a(strlen.o)
                0x000028f0                strlen
 .text.__init_cpp
                0x00002900       0x48 E:/Freescale/CW MCU v10.5/MCU/ARM_GCC_Support/ewl/lib/armv6-m\librt.a(gcc_ctor_dtor.o)
                0x00002900                __init_cpp
 .text.__fini_cpp
                0x00002948       0x34 E:/Freescale/CW MCU v10.5/MCU/ARM_GCC_Support/ewl/lib/armv6-m\librt.a(gcc_ctor_dtor.o)
                0x00002948                __fini_cpp
 .text.__copy_rom_section
                0x0000297c       0x48 E:/Freescale/CW MCU v10.5/MCU/ARM_GCC_Support/ewl/lib/armv6-m\librt.a(ROMCopy.o)
                0x0000297c                __copy_rom_section
 .text.__copy_rom_sections_to_ram
                0x000029c4       0x34 E:/Freescale/CW MCU v10.5/MCU/ARM_GCC_Support/ewl/lib/armv6-m\librt.a(ROMCopy.o)
                0x000029c4                __copy_rom_sections_to_ram
 .text.__destroy_global_chain
                0x000029f8       0x1c E:/Freescale/CW MCU v10.5/MCU/ARM_GCC_Support/ewl/lib/armv6-m\librt.a(__arm_eabi_init.o)
                0x000029f8                __destroy_global_chain
 .text.__init_registers
                0x00002a14       0x1c E:/Freescale/CW MCU v10.5/MCU/ARM_GCC_Support/ewl/lib/armv6-m\librt.a(__arm_eabi_init.o)
                0x00002a14                __init_registers
 .text.__init_user
                0x00002a30        0x4 E:/Freescale/CW MCU v10.5/MCU/ARM_GCC_Support/ewl/lib/armv6-m\librt.a(__arm_eabi_init.o)
                0x00002a30                __init_user
 *(.rodata)
 *(.rodata*)
 .rodata.ChannelToPin
                0x00002a34        0x4 ./Generated_Code/AdcLdd1.o
 .rodata.main   0x00002a38       0x50 ./Sources/ProcessorExpert.o
 .rodata.str1.1
                0x00002a88        0x1 E:/Freescale/CW MCU v10.5/MCU/ARM_GCC_Support/ewl/lib/armv6-m\libc.a(printformat_.o)
 .rodata.CSWTCH.20
                0x00002a89        0x5 E:/Freescale/CW MCU v10.5/MCU/ARM_GCC_Support/ewl/lib/armv6-m\libc.a(printformat_.o)
 .rodata.CSWTCH.21
                0x00002a8e        0x5 E:/Freescale/CW MCU v10.5/MCU/ARM_GCC_Support/ewl/lib/armv6-m\libc.a(printformat_.o)
 .rodata.__aeabi_ctype_table_C
                0x00002a93      0x101 E:/Freescale/CW MCU v10.5/MCU/ARM_GCC_Support/ewl/lib/armv6-m\libc.a(ctype_aeabi.o)
                0x00002a93                __aeabi_ctype_table_C
 *(.glue_7)
 .glue_7        0x00000000        0x0 linker stubs
 *(.glue_7t)
 .glue_7t       0x00000000        0x0 linker stubs
 *(.eh_frame)
 *(.init)
 *(.fini)
                0x00002b94                . = ALIGN (0x4)
                0x00002b94                _etext = .

.vfp11_veneer   0x00002b94        0x0
 .vfp11_veneer  0x00000000        0x0 linker stubs

.v4_bx          0x00002b94        0x0
 .v4_bx         0x00000000        0x0 linker stubs

.iplt           0x00002b94        0x0
 .iplt          0x00000000        0x0 ./Generated_Code/Vectors.o

.rel.dyn        0x00002b94        0x0
 .rel.iplt      0x00000000        0x0 ./Generated_Code/Vectors.o

.ARM.extab
 *(.ARM.extab* .gnu.linkonce.armextab.*)

.ARM            0x00002b94        0x0
                0x00002b94                __exidx_start = .
 *(.ARM.exidx*)
                0x00002b94                __exidx_end = .

.ctors          0x00002b94        0x0
                0x00002b94                __CTOR_LIST__ = .
 *crtbegin.o(.ctors)
 *(EXCLUDE_FILE(*crtend.o) .ctors)
 *(SORT(.ctors.*))
 *(.ctors)
                0x00002b94                __CTOR_END__ = .

.dtors          0x00002b94        0x0
                0x00002b94                __DTOR_LIST__ = .
 *crtbegin.o(.dtors)
 *(EXCLUDE_FILE(*crtend.o) .dtors)
 *(SORT(.dtors.*))
 *(.dtors)
                0x00002b94                __DTOR_END__ = .

.preinit_array  0x00002b94        0x0
                0x00002b94                PROVIDE (__preinit_array_start, .)
 *(.preinit_array*)
                0x00002b94                PROVIDE (__preinit_array_end, .)

.init_array     0x00002b94        0x0
                0x00002b94                PROVIDE (__init_array_start, .)
 *(SORT(.init_array.*))
 *(.init_array*)
                0x00002b94                PROVIDE (__init_array_end, .)

.fini_array     0x00002b94        0x0
                0x00002b94                PROVIDE (__fini_array_start, .)
 *(SORT(.fini_array.*))
 *(.fini_array*)
                0x00002b94                PROVIDE (__fini_array_end, .)
                0x00002b94                ___ROM_AT = .

.mtb            0x1ffff000        0x0
                0x1ffff000                . = ALIGN (0x8)
                0x1ffff000                _mtb_start = .
 *(.mtb_buf)
                0x1ffff000                . = ALIGN (0x8)
                0x1ffff000                _mtb_end = .

.data           0x1ffff000        0x4 load address 0x00002b94
                0x1ffff000                . = ALIGN (0x4)
                0x1ffff000                _sdata = .
 *(.data)
 *(.data*)
 .data.lednum   0x1ffff000        0x2 ./Sources/ProcessorExpert.o
                0x1ffff000                lednum
                0x1ffff004                . = ALIGN (0x4)
 *fill*         0x1ffff002        0x2 00
                0x1ffff004                _edata = .
                0x00000004                ___data_size = (_edata - _sdata)

.igot.plt       0x1ffff004        0x0 load address 0x00002b98
 .igot.plt      0x00000000        0x0 ./Generated_Code/Vectors.o
                0x1ffff004                . = ALIGN (0x4)

.bss            0x1ffff004       0xc8 load address 0x00002b98
                0x1ffff004                __START_BSS = .
                0x1ffff004                PROVIDE (__bss_start__, __START_BSS)
 *(.bss)
 *(.bss*)
 .bss.PE_LDD_DeviceDataList
                0x1ffff004       0x18 ./Generated_Code/PE_LDD.o
                0x1ffff004                PE_LDD_DeviceDataList
 .bss.DeviceDataPrv__DEFAULT_RTOS_ALLOC
                0x1ffff01c        0x4 ./Generated_Code/BitIoLdd3.o
 .bss.DeviceDataPrv__DEFAULT_RTOS_ALLOC
                0x1ffff020        0x4 ./Generated_Code/BitIoLdd2.o
 .bss.DeviceDataPrv__DEFAULT_RTOS_ALLOC
                0x1ffff024        0x4 ./Generated_Code/BitIoLdd1.o
 .bss.DeviceDataPrv__DEFAULT_RTOS_ALLOC
                0x1ffff028        0x8 ./Generated_Code/AdcLdd1.o
 .bss.INT_ADC0__DEFAULT_RTOS_ISRPARAM
                0x1ffff030        0x4 ./Generated_Code/AdcLdd1.o
 .bss.DeviceDataPrv__DEFAULT_RTOS_ALLOC
                0x1ffff034       0x20 ./Generated_Code/ASerialLdd2.o
 .bss.DeviceDataPrv__DEFAULT_RTOS_ALLOC
                0x1ffff054       0x20 ./Generated_Code/ASerialLdd1.o
 .bss.SerFlag   0x1ffff074        0x2 ./Generated_Code/AS2.o
 .bss.BufferRead
                0x1ffff076        0x1 ./Generated_Code/AS2.o
 .bss.OutBuffer
                0x1ffff077        0x1 ./Generated_Code/AS2.o
 .bss.SerFlag   0x1ffff078        0x2 ./Generated_Code/AS1.o
 .bss.BufferRead
                0x1ffff07a        0x1 ./Generated_Code/AS1.o
 .bss.OutBuffer
                0x1ffff07b        0x1 ./Generated_Code/AS1.o
 .bss.SumChan   0x1ffff07c        0x1 ./Generated_Code/AD1.o
 .bss.ModeFlg   0x1ffff07d        0x1 ./Generated_Code/AD1.o
 *fill*         0x1ffff07e        0x2 00
 .bss.SampleGroup
                0x1ffff080        0x4 ./Generated_Code/AD1.o
 .bss.OutFlg    0x1ffff084        0x1 ./Generated_Code/AD1.o
 *fill*         0x1ffff085        0x3 00
 .bss.argv      0x1ffff088        0x4 ./Project_Settings/Startup_Code/__arm_start.o
 .bss.__stdio_exit
                0x1ffff08c        0x4 E:/Freescale/CW MCU v10.5/MCU/ARM_GCC_Support/ewl/lib/armv6-m\libc.a(exit.o)
                0x1ffff08c                __stdio_exit
 .bss.__console_exit
                0x1ffff090        0x4 E:/Freescale/CW MCU v10.5/MCU/ARM_GCC_Support/ewl/lib/armv6-m\libc.a(exit.o)
                0x1ffff090                __console_exit
 .bss.__S_romp  0x1ffff094        0xc E:/Freescale/CW MCU v10.5/MCU/ARM_GCC_Support/ewl/lib/armv6-m\librt.a(ROMCopy.o)
 .bss.__global_destructor_chain
                0x1ffff0a0        0x4 E:/Freescale/CW MCU v10.5/MCU/ARM_GCC_Support/ewl/lib/armv6-m\librt.a(__arm_eabi_init.o)
                0x1ffff0a0                __global_destructor_chain
 *(COMMON)
 COMMON         0x1ffff0a4        0x4 ./Generated_Code/AS2.o
                0x1ffff0a4                ASerialLdd2_DeviceDataPtr
 COMMON         0x1ffff0a8        0x4 ./Generated_Code/AS1.o
                0x1ffff0a8                ASerialLdd1_DeviceDataPtr
 COMMON         0x1ffff0ac        0xc ./Generated_Code/AD1.o
                0x1ffff0ac                AD1_OutV
                0x1ffff0b4                AdcLdd1_DeviceDataPtr
 COMMON         0x1ffff0b8       0x13 ./Sources/ProcessorExpert.o
                0x1ffff0b8                check
                0x1ffff0c4                result
                0x1ffff0ca                ch
                0x1ffff0cc                . = ALIGN (0x4)
 *fill*         0x1ffff0cb        0x1 00
                0x1ffff0cc                __END_BSS = .
                0x1ffff0cc                PROVIDE (__bss_end__, __END_BSS)
                0x00002b98                _romp_at = (___ROM_AT + SIZEOF (.data))

.romp           0x1ffff0cc       0x18 load address 0x00002b98
                0x00002b98                __S_romp = _romp_at
                0x1ffff0cc        0x4 LONG 0x2b94 ___ROM_AT
                0x1ffff0d0        0x4 LONG 0x1ffff000 _sdata
                0x1ffff0d4        0x4 LONG 0x4 ___data_size
                0x1ffff0d8        0x4 LONG 0x0
                0x1ffff0dc        0x4 LONG 0x0
                0x1ffff0e0        0x4 LONG 0x0

._user_heap_stack
                0x1ffff0e4      0x400 load address 0x00002bb0
                0x1ffff0e4                . = ALIGN (0x4)
                0x1ffff0e4                PROVIDE (end, .)
                0x1ffff0e4                PROVIDE (_end, .)
                0x1ffff0e4                __heap_addr = .
                0x1ffff0e4                . = (. + __heap_size)
                0x1ffff4e4                . = (. + __stack_size)
 *fill*         0x1ffff0e4      0x400 00
                0x1ffff4e4                . = ALIGN (0x4)

.ARM.attributes
                0x00000000       0x31
 *(.ARM.attributes)
 .ARM.attributes
                0x00000000       0x31 ./Generated_Code/Vectors.o
 .ARM.attributes
                0x00000031       0x31 ./Generated_Code/PE_LDD.o
 .ARM.attributes
                0x00000062       0x31 ./Generated_Code/Cpu.o
 .ARM.attributes
                0x00000093       0x31 ./Generated_Code/BitIoLdd3.o
 .ARM.attributes
                0x000000c4       0x31 ./Generated_Code/BitIoLdd2.o
 .ARM.attributes
                0x000000f5       0x31 ./Generated_Code/BitIoLdd1.o
 .ARM.attributes
                0x00000126       0x31 ./Generated_Code/AdcLdd1.o
 .ARM.attributes
                0x00000157       0x31 ./Generated_Code/ASerialLdd2.o
 .ARM.attributes
                0x00000188       0x31 ./Generated_Code/ASerialLdd1.o
 .ARM.attributes
                0x000001b9       0x31 ./Generated_Code/AS2.o
 .ARM.attributes
                0x000001ea       0x31 ./Generated_Code/AS1.o
 .ARM.attributes
                0x0000021b       0x31 ./Generated_Code/AD1.o
 .ARM.attributes
                0x0000024c       0x31 ./Project_Settings/Startup_Code/__arm_start.o
 .ARM.attributes
                0x0000027d       0x31 ./Project_Settings/Startup_Code/__arm_end.o
 .ARM.attributes
                0x000002ae       0x31 ./Sources/ProcessorExpert.o
 .ARM.attributes
                0x000002df       0x31 ./Sources/Events.o
 .ARM.attributes
                0x00000310       0x31 E:/Freescale/CW MCU v10.5/MCU/ARM_GCC_Support/ewl/lib/armv6-m\libc.a(exit.o)
 .ARM.attributes
                0x00000341       0x31 E:/Freescale/CW MCU v10.5/MCU/ARM_GCC_Support/ewl/lib/armv6-m\libc.a(memset.o)
 .ARM.attributes
                0x00000372       0x31 E:/Freescale/CW MCU v10.5/MCU/ARM_GCC_Support/ewl/lib/armv6-m\libc.a(printformat_.o)
 .ARM.attributes
                0x000003a3       0x31 E:/Freescale/CW MCU v10.5/MCU/ARM_GCC_Support/ewl/lib/armv6-m\libc.a(scanformat_.o)
 .ARM.attributes
                0x000003d4       0x31 E:/Freescale/CW MCU v10.5/MCU/ARM_GCC_Support/ewl/lib/armv6-m\libc.a(ctype_aeabi.o)
 .ARM.attributes
                0x00000405       0x31 E:/Freescale/CW MCU v10.5/MCU/ARM_GCC_Support/ewl/lib/armv6-m\libc.a(__strtoul.o)
 .ARM.attributes
                0x00000436       0x31 E:/Freescale/CW MCU v10.5/MCU/ARM_GCC_Support/ewl/lib/armv6-m\libc.a(__filll_mem.o)
 .ARM.attributes
                0x00000467       0x31 E:/Freescale/CW MCU v10.5/MCU/ARM_GCC_Support/ewl/lib/armv6-m\libc.a(memchr.o)
 .ARM.attributes
                0x00000498       0x31 E:/Freescale/CW MCU v10.5/MCU/ARM_GCC_Support/ewl/lib/armv6-m\libc.a(memcpy.o)
 .ARM.attributes
                0x000004c9       0x31 E:/Freescale/CW MCU v10.5/MCU/ARM_GCC_Support/ewl/lib/armv6-m\libc.a(strchr.o)
 .ARM.attributes
                0x000004fa       0x31 E:/Freescale/CW MCU v10.5/MCU/ARM_GCC_Support/ewl/lib/armv6-m\libc.a(strlen.o)
 .ARM.attributes
                0x0000052b       0x1e e:/freescale/cw mcu v10.5/cross_tools/arm-none-eabi-gcc-4_7_3/bin/../lib/gcc/arm-none-eabi/4.7.3/armv6-m\libgcc.a(_thumb1_case_sqi.o)
 .ARM.attributes
                0x00000549       0x1e e:/freescale/cw mcu v10.5/cross_tools/arm-none-eabi-gcc-4_7_3/bin/../lib/gcc/arm-none-eabi/4.7.3/armv6-m\libgcc.a(_thumb1_case_uqi.o)
 .ARM.attributes
                0x00000567       0x1e e:/freescale/cw mcu v10.5/cross_tools/arm-none-eabi-gcc-4_7_3/bin/../lib/gcc/arm-none-eabi/4.7.3/armv6-m\libgcc.a(_udivsi3.o)
 .ARM.attributes
                0x00000585       0x1e e:/freescale/cw mcu v10.5/cross_tools/arm-none-eabi-gcc-4_7_3/bin/../lib/gcc/arm-none-eabi/4.7.3/armv6-m\libgcc.a(_dvmd_tls.o)
 .ARM.attributes
                0x000005a3       0x31 E:/Freescale/CW MCU v10.5/MCU/ARM_GCC_Support/ewl/lib/armv6-m\librt.a(gcc_ctor_dtor.o)
 .ARM.attributes
                0x000005d4       0x31 E:/Freescale/CW MCU v10.5/MCU/ARM_GCC_Support/ewl/lib/armv6-m\librt.a(ROMCopy.o)
 .ARM.attributes
                0x00000605       0x31 E:/Freescale/CW MCU v10.5/MCU/ARM_GCC_Support/ewl/lib/armv6-m\librt.a(__arm_eabi_init.o)
OUTPUT(Lab-1.elf elf32-littlearm)

.debug_info     0x00000000     0x56b3
 .debug_info    0x00000000      0x104 ./Generated_Code/Vectors.o
 .debug_info    0x00000104      0x24e ./Generated_Code/PE_LDD.o
 .debug_info    0x00000352      0x8e1 ./Generated_Code/Cpu.o
 .debug_info    0x00000c33      0x3f9 ./Generated_Code/BitIoLdd3.o
 .debug_info    0x0000102c      0x3f9 ./Generated_Code/BitIoLdd2.o
 .debug_info    0x00001425      0x3f9 ./Generated_Code/BitIoLdd1.o
 .debug_info    0x0000181e      0x8ba ./Generated_Code/AdcLdd1.o
 .debug_info    0x000020d8      0x78b ./Generated_Code/ASerialLdd2.o
 .debug_info    0x00002863      0x7b7 ./Generated_Code/ASerialLdd1.o
 .debug_info    0x0000301a      0x222 ./Generated_Code/AS2.o
 .debug_info    0x0000323c      0x222 ./Generated_Code/AS1.o
 .debug_info    0x0000345e      0x272 ./Generated_Code/AD1.o
 .debug_info    0x000036d0      0x12a ./Project_Settings/Startup_Code/__arm_start.o
 .debug_info    0x000037fa       0x54 ./Project_Settings/Startup_Code/__arm_end.o
 .debug_info    0x0000384e      0x15e ./Sources/ProcessorExpert.o
 .debug_info    0x000039ac       0xef ./Sources/Events.o
 .debug_info    0x00003a9b       0xe8 E:/Freescale/CW MCU v10.5/MCU/ARM_GCC_Support/ewl/lib/armv6-m\libc.a(exit.o)
 .debug_info    0x00003b83       0xec E:/Freescale/CW MCU v10.5/MCU/ARM_GCC_Support/ewl/lib/armv6-m\libc.a(memset.o)
 .debug_info    0x00003c6f      0x50d E:/Freescale/CW MCU v10.5/MCU/ARM_GCC_Support/ewl/lib/armv6-m\libc.a(printformat_.o)
 .debug_info    0x0000417c      0x568 E:/Freescale/CW MCU v10.5/MCU/ARM_GCC_Support/ewl/lib/armv6-m\libc.a(scanformat_.o)
 .debug_info    0x000046e4      0x313 E:/Freescale/CW MCU v10.5/MCU/ARM_GCC_Support/ewl/lib/armv6-m\libc.a(ctype_aeabi.o)
 .debug_info    0x000049f7      0x1d6 E:/Freescale/CW MCU v10.5/MCU/ARM_GCC_Support/ewl/lib/armv6-m\libc.a(__strtoul.o)
 .debug_info    0x00004bcd      0x137 E:/Freescale/CW MCU v10.5/MCU/ARM_GCC_Support/ewl/lib/armv6-m\libc.a(__filll_mem.o)
 .debug_info    0x00004d04      0x121 E:/Freescale/CW MCU v10.5/MCU/ARM_GCC_Support/ewl/lib/armv6-m\libc.a(memchr.o)
 .debug_info    0x00004e25      0x10f E:/Freescale/CW MCU v10.5/MCU/ARM_GCC_Support/ewl/lib/armv6-m\libc.a(memcpy.o)
 .debug_info    0x00004f34      0x10b E:/Freescale/CW MCU v10.5/MCU/ARM_GCC_Support/ewl/lib/armv6-m\libc.a(strchr.o)
 .debug_info    0x0000503f       0xea E:/Freescale/CW MCU v10.5/MCU/ARM_GCC_Support/ewl/lib/armv6-m\libc.a(strlen.o)
 .debug_info    0x00005129      0x136 E:/Freescale/CW MCU v10.5/MCU/ARM_GCC_Support/ewl/lib/armv6-m\librt.a(gcc_ctor_dtor.o)
 .debug_info    0x0000525f      0x19b E:/Freescale/CW MCU v10.5/MCU/ARM_GCC_Support/ewl/lib/armv6-m\librt.a(ROMCopy.o)
 .debug_info    0x000053fa      0x2b9 E:/Freescale/CW MCU v10.5/MCU/ARM_GCC_Support/ewl/lib/armv6-m\librt.a(__arm_eabi_init.o)

.debug_abbrev   0x00000000     0x1ce4
 .debug_abbrev  0x00000000       0xa3 ./Generated_Code/Vectors.o
 .debug_abbrev  0x000000a3      0x102 ./Generated_Code/PE_LDD.o
 .debug_abbrev  0x000001a5      0x122 ./Generated_Code/Cpu.o
 .debug_abbrev  0x000002c7      0x151 ./Generated_Code/BitIoLdd3.o
 .debug_abbrev  0x00000418      0x151 ./Generated_Code/BitIoLdd2.o
 .debug_abbrev  0x00000569      0x151 ./Generated_Code/BitIoLdd1.o
 .debug_abbrev  0x000006ba      0x18e ./Generated_Code/AdcLdd1.o
 .debug_abbrev  0x00000848      0x180 ./Generated_Code/ASerialLdd2.o
 .debug_abbrev  0x000009c8      0x180 ./Generated_Code/ASerialLdd1.o
 .debug_abbrev  0x00000b48      0x103 ./Generated_Code/AS2.o
 .debug_abbrev  0x00000c4b      0x103 ./Generated_Code/AS1.o
 .debug_abbrev  0x00000d4e      0x136 ./Generated_Code/AD1.o
 .debug_abbrev  0x00000e84       0x92 ./Project_Settings/Startup_Code/__arm_start.o
 .debug_abbrev  0x00000f16       0x4c ./Project_Settings/Startup_Code/__arm_end.o
 .debug_abbrev  0x00000f62       0xd0 ./Sources/ProcessorExpert.o
 .debug_abbrev  0x00001032       0x84 ./Sources/Events.o
 .debug_abbrev  0x000010b6       0x7a E:/Freescale/CW MCU v10.5/MCU/ARM_GCC_Support/ewl/lib/armv6-m\libc.a(exit.o)
 .debug_abbrev  0x00001130       0x62 E:/Freescale/CW MCU v10.5/MCU/ARM_GCC_Support/ewl/lib/armv6-m\libc.a(memset.o)
 .debug_abbrev  0x00001192      0x200 E:/Freescale/CW MCU v10.5/MCU/ARM_GCC_Support/ewl/lib/armv6-m\libc.a(printformat_.o)
 .debug_abbrev  0x00001392      0x1f0 E:/Freescale/CW MCU v10.5/MCU/ARM_GCC_Support/ewl/lib/armv6-m\libc.a(scanformat_.o)
 .debug_abbrev  0x00001582       0x9e E:/Freescale/CW MCU v10.5/MCU/ARM_GCC_Support/ewl/lib/armv6-m\libc.a(ctype_aeabi.o)
 .debug_abbrev  0x00001620       0xc2 E:/Freescale/CW MCU v10.5/MCU/ARM_GCC_Support/ewl/lib/armv6-m\libc.a(__strtoul.o)
 .debug_abbrev  0x000016e2       0x78 E:/Freescale/CW MCU v10.5/MCU/ARM_GCC_Support/ewl/lib/armv6-m\libc.a(__filll_mem.o)
 .debug_abbrev  0x0000175a       0x95 E:/Freescale/CW MCU v10.5/MCU/ARM_GCC_Support/ewl/lib/armv6-m\libc.a(memchr.o)
 .debug_abbrev  0x000017ef       0x95 E:/Freescale/CW MCU v10.5/MCU/ARM_GCC_Support/ewl/lib/armv6-m\libc.a(memcpy.o)
 .debug_abbrev  0x00001884       0x7a E:/Freescale/CW MCU v10.5/MCU/ARM_GCC_Support/ewl/lib/armv6-m\libc.a(strchr.o)
 .debug_abbrev  0x000018fe       0x7a E:/Freescale/CW MCU v10.5/MCU/ARM_GCC_Support/ewl/lib/armv6-m\libc.a(strlen.o)
 .debug_abbrev  0x00001978       0x99 E:/Freescale/CW MCU v10.5/MCU/ARM_GCC_Support/ewl/lib/armv6-m\librt.a(gcc_ctor_dtor.o)
 .debug_abbrev  0x00001a11      0x120 E:/Freescale/CW MCU v10.5/MCU/ARM_GCC_Support/ewl/lib/armv6-m\librt.a(ROMCopy.o)
 .debug_abbrev  0x00001b31      0x1b3 E:/Freescale/CW MCU v10.5/MCU/ARM_GCC_Support/ewl/lib/armv6-m\librt.a(__arm_eabi_init.o)

.debug_aranges  0x00000000      0x6a8
 .debug_aranges
                0x00000000       0x18 ./Generated_Code/Vectors.o
 .debug_aranges
                0x00000018       0x30 ./Generated_Code/PE_LDD.o
 .debug_aranges
                0x00000048       0x38 ./Generated_Code/Cpu.o
 .debug_aranges
                0x00000080       0x50 ./Generated_Code/BitIoLdd3.o
 .debug_aranges
                0x000000d0       0x50 ./Generated_Code/BitIoLdd2.o
 .debug_aranges
                0x00000120       0x50 ./Generated_Code/BitIoLdd1.o
 .debug_aranges
                0x00000170       0x60 ./Generated_Code/AdcLdd1.o
 .debug_aranges
                0x000001d0       0x60 ./Generated_Code/ASerialLdd2.o
 .debug_aranges
                0x00000230       0x60 ./Generated_Code/ASerialLdd1.o
 .debug_aranges
                0x00000290       0x50 ./Generated_Code/AS2.o
 .debug_aranges
                0x000002e0       0x50 ./Generated_Code/AS1.o
 .debug_aranges
                0x00000330       0x50 ./Generated_Code/AD1.o
 .debug_aranges
                0x00000380       0x30 ./Project_Settings/Startup_Code/__arm_start.o
 .debug_aranges
                0x000003b0       0x20 ./Project_Settings/Startup_Code/__arm_end.o
 .debug_aranges
                0x000003d0       0x28 ./Sources/ProcessorExpert.o
 .debug_aranges
                0x000003f8       0x30 ./Sources/Events.o
 .debug_aranges
                0x00000428       0x20 E:/Freescale/CW MCU v10.5/MCU/ARM_GCC_Support/ewl/lib/armv6-m\libc.a(exit.o)
 .debug_aranges
                0x00000448       0x20 E:/Freescale/CW MCU v10.5/MCU/ARM_GCC_Support/ewl/lib/armv6-m\libc.a(memset.o)
 .debug_aranges
                0x00000468       0x28 E:/Freescale/CW MCU v10.5/MCU/ARM_GCC_Support/ewl/lib/armv6-m\libc.a(printformat_.o)
 .debug_aranges
                0x00000490       0x20 E:/Freescale/CW MCU v10.5/MCU/ARM_GCC_Support/ewl/lib/armv6-m\libc.a(scanformat_.o)
 .debug_aranges
                0x000004b0       0x88 E:/Freescale/CW MCU v10.5/MCU/ARM_GCC_Support/ewl/lib/armv6-m\libc.a(ctype_aeabi.o)
 .debug_aranges
                0x00000538       0x20 E:/Freescale/CW MCU v10.5/MCU/ARM_GCC_Support/ewl/lib/armv6-m\libc.a(__strtoul.o)
 .debug_aranges
                0x00000558       0x20 E:/Freescale/CW MCU v10.5/MCU/ARM_GCC_Support/ewl/lib/armv6-m\libc.a(__filll_mem.o)
 .debug_aranges
                0x00000578       0x20 E:/Freescale/CW MCU v10.5/MCU/ARM_GCC_Support/ewl/lib/armv6-m\libc.a(memchr.o)
 .debug_aranges
                0x00000598       0x20 E:/Freescale/CW MCU v10.5/MCU/ARM_GCC_Support/ewl/lib/armv6-m\libc.a(memcpy.o)
 .debug_aranges
                0x000005b8       0x20 E:/Freescale/CW MCU v10.5/MCU/ARM_GCC_Support/ewl/lib/armv6-m\libc.a(strchr.o)
 .debug_aranges
                0x000005d8       0x20 E:/Freescale/CW MCU v10.5/MCU/ARM_GCC_Support/ewl/lib/armv6-m\libc.a(strlen.o)
 .debug_aranges
                0x000005f8       0x28 E:/Freescale/CW MCU v10.5/MCU/ARM_GCC_Support/ewl/lib/armv6-m\librt.a(gcc_ctor_dtor.o)
 .debug_aranges
                0x00000620       0x30 E:/Freescale/CW MCU v10.5/MCU/ARM_GCC_Support/ewl/lib/armv6-m\librt.a(ROMCopy.o)
 .debug_aranges
                0x00000650       0x58 E:/Freescale/CW MCU v10.5/MCU/ARM_GCC_Support/ewl/lib/armv6-m\librt.a(__arm_eabi_init.o)

.debug_macinfo  0x00000000   0x2c3d6d
 .debug_macinfo
                0x00000000    0x34a49 ./Generated_Code/Vectors.o
 .debug_macinfo
                0x00034a49    0x34a09 ./Generated_Code/PE_LDD.o
 .debug_macinfo
                0x00069452    0x34a4d ./Generated_Code/Cpu.o
 .debug_macinfo
                0x0009de9f    0x2ece9 ./Generated_Code/BitIoLdd3.o
 .debug_macinfo
                0x000ccb88    0x2ecef ./Generated_Code/BitIoLdd2.o
 .debug_macinfo
                0x000fb877    0x2ecef ./Generated_Code/BitIoLdd1.o
 .debug_macinfo
                0x0012a566    0x33390 ./Generated_Code/AdcLdd1.o
 .debug_macinfo
                0x0015d8f6    0x353ee ./Generated_Code/ASerialLdd2.o
 .debug_macinfo
                0x00192ce4    0x2fee6 ./Generated_Code/ASerialLdd1.o
 .debug_macinfo
                0x001c2bca    0x2dff5 ./Generated_Code/AS2.o
 .debug_macinfo
                0x001f0bbf    0x2dff5 ./Generated_Code/AS1.o
 .debug_macinfo
                0x0021ebb4    0x34a88 ./Generated_Code/AD1.o
 .debug_macinfo
                0x0025363c     0x3e6d ./Project_Settings/Startup_Code/__arm_start.o
 .debug_macinfo
                0x002574a9     0x3456 ./Project_Settings/Startup_Code/__arm_end.o
 .debug_macinfo
                0x0025a8ff    0x34a39 ./Sources/ProcessorExpert.o
 .debug_macinfo
                0x0028f338    0x34a35 ./Sources/Events.o

.debug_line     0x00000000     0x3f20
 .debug_line    0x00000000      0x3d9 ./Generated_Code/Vectors.o
 .debug_line    0x000003d9      0x2fd ./Generated_Code/PE_LDD.o
 .debug_line    0x000006d6      0x453 ./Generated_Code/Cpu.o
 .debug_line    0x00000b29      0x2ab ./Generated_Code/BitIoLdd3.o
 .debug_line    0x00000dd4      0x2ab ./Generated_Code/BitIoLdd2.o
 .debug_line    0x0000107f      0x2ab ./Generated_Code/BitIoLdd1.o
 .debug_line    0x0000132a      0x316 ./Generated_Code/AdcLdd1.o
 .debug_line    0x00001640      0x321 ./Generated_Code/ASerialLdd2.o
 .debug_line    0x00001961      0x327 ./Generated_Code/ASerialLdd1.o
 .debug_line    0x00001c88      0x259 ./Generated_Code/AS2.o
 .debug_line    0x00001ee1      0x259 ./Generated_Code/AS1.o
 .debug_line    0x0000213a      0x3c6 ./Generated_Code/AD1.o
 .debug_line    0x00002500      0x28d ./Project_Settings/Startup_Code/__arm_start.o
 .debug_line    0x0000278d      0x266 ./Project_Settings/Startup_Code/__arm_end.o
 .debug_line    0x000029f3      0x33d ./Sources/ProcessorExpert.o
 .debug_line    0x00002d30      0x314 ./Sources/Events.o
 .debug_line    0x00003044       0x8d E:/Freescale/CW MCU v10.5/MCU/ARM_GCC_Support/ewl/lib/armv6-m\libc.a(exit.o)
 .debug_line    0x000030d1       0x90 E:/Freescale/CW MCU v10.5/MCU/ARM_GCC_Support/ewl/lib/armv6-m\libc.a(memset.o)
 .debug_line    0x00003161      0x2c3 E:/Freescale/CW MCU v10.5/MCU/ARM_GCC_Support/ewl/lib/armv6-m\libc.a(printformat_.o)
 .debug_line    0x00003424      0x2be E:/Freescale/CW MCU v10.5/MCU/ARM_GCC_Support/ewl/lib/armv6-m\libc.a(scanformat_.o)
 .debug_line    0x000036e2      0x1be E:/Freescale/CW MCU v10.5/MCU/ARM_GCC_Support/ewl/lib/armv6-m\libc.a(ctype_aeabi.o)
 .debug_line    0x000038a0      0x11e E:/Freescale/CW MCU v10.5/MCU/ARM_GCC_Support/ewl/lib/armv6-m\libc.a(__strtoul.o)
 .debug_line    0x000039be       0xf6 E:/Freescale/CW MCU v10.5/MCU/ARM_GCC_Support/ewl/lib/armv6-m\libc.a(__filll_mem.o)
 .debug_line    0x00003ab4       0x9f E:/Freescale/CW MCU v10.5/MCU/ARM_GCC_Support/ewl/lib/armv6-m\libc.a(memchr.o)
 .debug_line    0x00003b53       0x8b E:/Freescale/CW MCU v10.5/MCU/ARM_GCC_Support/ewl/lib/armv6-m\libc.a(memcpy.o)
 .debug_line    0x00003bde       0x7d E:/Freescale/CW MCU v10.5/MCU/ARM_GCC_Support/ewl/lib/armv6-m\libc.a(strchr.o)
 .debug_line    0x00003c5b       0x85 E:/Freescale/CW MCU v10.5/MCU/ARM_GCC_Support/ewl/lib/armv6-m\libc.a(strlen.o)
 .debug_line    0x00003ce0       0x6c E:/Freescale/CW MCU v10.5/MCU/ARM_GCC_Support/ewl/lib/armv6-m\librt.a(gcc_ctor_dtor.o)
 .debug_line    0x00003d4c       0xbd E:/Freescale/CW MCU v10.5/MCU/ARM_GCC_Support/ewl/lib/armv6-m\librt.a(ROMCopy.o)
 .debug_line    0x00003e09      0x117 E:/Freescale/CW MCU v10.5/MCU/ARM_GCC_Support/ewl/lib/armv6-m\librt.a(__arm_eabi_init.o)

.debug_str      0x00000000     0x19c0
 .debug_str     0x00000000      0x132 ./Generated_Code/Vectors.o
                                0x15e (size before relaxing)
 .debug_str     0x00000132      0x1a5 ./Generated_Code/PE_LDD.o
                                0x2c1 (size before relaxing)
 .debug_str     0x000002d7      0x2cd ./Generated_Code/Cpu.o
                                0x40d (size before relaxing)
 .debug_str     0x000005a4      0x150 ./Generated_Code/BitIoLdd3.o
                                0x2ec (size before relaxing)
 .debug_str     0x000006f4       0xc2 ./Generated_Code/BitIoLdd2.o
                                0x2ec (size before relaxing)
 .debug_str     0x000007b6       0xc2 ./Generated_Code/BitIoLdd1.o
                                0x2ec (size before relaxing)
 .debug_str     0x00000878      0x263 ./Generated_Code/AdcLdd1.o
                                0x54b (size before relaxing)
 .debug_str     0x00000adb      0x1c7 ./Generated_Code/ASerialLdd2.o
                                0x495 (size before relaxing)
 .debug_str     0x00000ca2      0x110 ./Generated_Code/ASerialLdd1.o
                                0x497 (size before relaxing)
 .debug_str     0x00000db2       0xd4 ./Generated_Code/AS2.o
                                0x239 (size before relaxing)
 .debug_str     0x00000e86       0x9e ./Generated_Code/AS1.o
                                0x239 (size before relaxing)
 .debug_str     0x00000f24       0xbf ./Generated_Code/AD1.o
                                0x238 (size before relaxing)
 .debug_str     0x00000fe3       0xa8 ./Project_Settings/Startup_Code/__arm_start.o
                                0x18c (size before relaxing)
 .debug_str     0x0000108b       0x41 ./Project_Settings/Startup_Code/__arm_end.o
                                 0xc3 (size before relaxing)
 .debug_str     0x000010cc       0x3b ./Sources/ProcessorExpert.o
                                0x17f (size before relaxing)
 .debug_str     0x00001107       0x40 ./Sources/Events.o
                                0x14c (size before relaxing)
 .debug_str     0x00001147       0x54 E:/Freescale/CW MCU v10.5/MCU/ARM_GCC_Support/ewl/lib/armv6-m\libc.a(exit.o)
                                0x157 (size before relaxing)
 .debug_str     0x0000119b       0x23 E:/Freescale/CW MCU v10.5/MCU/ARM_GCC_Support/ewl/lib/armv6-m\libc.a(memset.o)
                                0x140 (size before relaxing)
 .debug_str     0x000011be      0x23b E:/Freescale/CW MCU v10.5/MCU/ARM_GCC_Support/ewl/lib/armv6-m\libc.a(printformat_.o)
                                0x3b3 (size before relaxing)
 .debug_str     0x000013f9      0x184 E:/Freescale/CW MCU v10.5/MCU/ARM_GCC_Support/ewl/lib/armv6-m\libc.a(scanformat_.o)
                                0x3f9 (size before relaxing)
 .debug_str     0x0000157d       0x9d E:/Freescale/CW MCU v10.5/MCU/ARM_GCC_Support/ewl/lib/armv6-m\libc.a(ctype_aeabi.o)
                                0x1bc (size before relaxing)
 .debug_str     0x0000161a       0x61 E:/Freescale/CW MCU v10.5/MCU/ARM_GCC_Support/ewl/lib/armv6-m\libc.a(__strtoul.o)
                                0x1fb (size before relaxing)
 .debug_str     0x0000167b       0x25 E:/Freescale/CW MCU v10.5/MCU/ARM_GCC_Support/ewl/lib/armv6-m\libc.a(__filll_mem.o)
                                0x152 (size before relaxing)
 .debug_str     0x000016a0       0x1c E:/Freescale/CW MCU v10.5/MCU/ARM_GCC_Support/ewl/lib/armv6-m\libc.a(memchr.o)
                                0x148 (size before relaxing)
 .debug_str     0x000016bc       0x1c E:/Freescale/CW MCU v10.5/MCU/ARM_GCC_Support/ewl/lib/armv6-m\libc.a(memcpy.o)
                                0x138 (size before relaxing)
 .debug_str     0x000016d8       0x1c E:/Freescale/CW MCU v10.5/MCU/ARM_GCC_Support/ewl/lib/armv6-m\libc.a(strchr.o)
                                0x137 (size before relaxing)
 .debug_str     0x000016f4       0x1c E:/Freescale/CW MCU v10.5/MCU/ARM_GCC_Support/ewl/lib/armv6-m\libc.a(strlen.o)
                                0x140 (size before relaxing)
 .debug_str     0x00001710      0x126 E:/Freescale/CW MCU v10.5/MCU/ARM_GCC_Support/ewl/lib/armv6-m\librt.a(gcc_ctor_dtor.o)
                                0x181 (size before relaxing)
 .debug_str     0x00001836       0x9c E:/Freescale/CW MCU v10.5/MCU/ARM_GCC_Support/ewl/lib/armv6-m\librt.a(ROMCopy.o)
                                0x13c (size before relaxing)
 .debug_str     0x000018d2       0xee E:/Freescale/CW MCU v10.5/MCU/ARM_GCC_Support/ewl/lib/armv6-m\librt.a(__arm_eabi_init.o)
                                0x1b5 (size before relaxing)

.comment        0x00000000       0x79
 .comment       0x00000000       0x79 ./Generated_Code/Vectors.o
                                 0x7a (size before relaxing)
 .comment       0x00000000       0x7a ./Generated_Code/PE_LDD.o
 .comment       0x00000000       0x7a ./Generated_Code/Cpu.o
 .comment       0x00000000       0x7a ./Generated_Code/BitIoLdd3.o
 .comment       0x00000000       0x7a ./Generated_Code/BitIoLdd2.o
 .comment       0x00000000       0x7a ./Generated_Code/BitIoLdd1.o
 .comment       0x00000000       0x7a ./Generated_Code/AdcLdd1.o
 .comment       0x00000000       0x7a ./Generated_Code/ASerialLdd2.o
 .comment       0x00000000       0x7a ./Generated_Code/ASerialLdd1.o
 .comment       0x00000000       0x7a ./Generated_Code/AS2.o
 .comment       0x00000000       0x7a ./Generated_Code/AS1.o
 .comment       0x00000000       0x7a ./Generated_Code/AD1.o
 .comment       0x00000000       0x7a ./Project_Settings/Startup_Code/__arm_start.o
 .comment       0x00000000       0x7a ./Project_Settings/Startup_Code/__arm_end.o
 .comment       0x00000000       0x7a ./Sources/ProcessorExpert.o
 .comment       0x00000000       0x7a ./Sources/Events.o
 .comment       0x00000000       0x7a E:/Freescale/CW MCU v10.5/MCU/ARM_GCC_Support/ewl/lib/armv6-m\libc.a(exit.o)
 .comment       0x00000000       0x7a E:/Freescale/CW MCU v10.5/MCU/ARM_GCC_Support/ewl/lib/armv6-m\libc.a(memset.o)
 .comment       0x00000000       0x7a E:/Freescale/CW MCU v10.5/MCU/ARM_GCC_Support/ewl/lib/armv6-m\libc.a(printformat_.o)
 .comment       0x00000000       0x7a E:/Freescale/CW MCU v10.5/MCU/ARM_GCC_Support/ewl/lib/armv6-m\libc.a(scanformat_.o)
 .comment       0x00000000       0x7a E:/Freescale/CW MCU v10.5/MCU/ARM_GCC_Support/ewl/lib/armv6-m\libc.a(ctype_aeabi.o)
 .comment       0x00000000       0x7a E:/Freescale/CW MCU v10.5/MCU/ARM_GCC_Support/ewl/lib/armv6-m\libc.a(__strtoul.o)
 .comment       0x00000000       0x7a E:/Freescale/CW MCU v10.5/MCU/ARM_GCC_Support/ewl/lib/armv6-m\libc.a(__filll_mem.o)
 .comment       0x00000000       0x7a E:/Freescale/CW MCU v10.5/MCU/ARM_GCC_Support/ewl/lib/armv6-m\libc.a(memchr.o)
 .comment       0x00000000       0x7a E:/Freescale/CW MCU v10.5/MCU/ARM_GCC_Support/ewl/lib/armv6-m\libc.a(memcpy.o)
 .comment       0x00000000       0x7a E:/Freescale/CW MCU v10.5/MCU/ARM_GCC_Support/ewl/lib/armv6-m\libc.a(strchr.o)
 .comment       0x00000000       0x7a E:/Freescale/CW MCU v10.5/MCU/ARM_GCC_Support/ewl/lib/armv6-m\libc.a(strlen.o)
 .comment       0x00000000       0x7a E:/Freescale/CW MCU v10.5/MCU/ARM_GCC_Support/ewl/lib/armv6-m\librt.a(gcc_ctor_dtor.o)
 .comment       0x00000000       0x7a E:/Freescale/CW MCU v10.5/MCU/ARM_GCC_Support/ewl/lib/armv6-m\librt.a(ROMCopy.o)
 .comment       0x00000000       0x7a E:/Freescale/CW MCU v10.5/MCU/ARM_GCC_Support/ewl/lib/armv6-m\librt.a(__arm_eabi_init.o)

.debug_loc      0x00000000     0x382f
 .debug_loc     0x00000000       0x9c ./Generated_Code/PE_LDD.o
 .debug_loc     0x0000009c       0xb0 ./Generated_Code/Cpu.o
 .debug_loc     0x0000014c      0x188 ./Generated_Code/BitIoLdd3.o
 .debug_loc     0x000002d4      0x188 ./Generated_Code/BitIoLdd2.o
 .debug_loc     0x0000045c      0x188 ./Generated_Code/BitIoLdd1.o
 .debug_loc     0x000005e4      0x1f8 ./Generated_Code/AdcLdd1.o
 .debug_loc     0x000007dc      0x204 ./Generated_Code/ASerialLdd2.o
 .debug_loc     0x000009e0      0x204 ./Generated_Code/ASerialLdd1.o
 .debug_loc     0x00000be4      0x158 ./Generated_Code/AS2.o
 .debug_loc     0x00000d3c      0x158 ./Generated_Code/AS1.o
 .debug_loc     0x00000e94      0x164 ./Generated_Code/AD1.o
 .debug_loc     0x00000ff8       0x2c ./Project_Settings/Startup_Code/__arm_start.o
 .debug_loc     0x00001024       0x38 ./Project_Settings/Startup_Code/__arm_end.o
 .debug_loc     0x0000105c       0x64 ./Sources/ProcessorExpert.o
 .debug_loc     0x000010c0       0x84 ./Sources/Events.o
 .debug_loc     0x00001144       0x3e E:/Freescale/CW MCU v10.5/MCU/ARM_GCC_Support/ewl/lib/armv6-m\libc.a(exit.o)
 .debug_loc     0x00001182       0x6f E:/Freescale/CW MCU v10.5/MCU/ARM_GCC_Support/ewl/lib/armv6-m\libc.a(memset.o)
 .debug_loc     0x000011f1     0x104b E:/Freescale/CW MCU v10.5/MCU/ARM_GCC_Support/ewl/lib/armv6-m\libc.a(printformat_.o)
 .debug_loc     0x0000223c      0x9d8 E:/Freescale/CW MCU v10.5/MCU/ARM_GCC_Support/ewl/lib/armv6-m\libc.a(scanformat_.o)
 .debug_loc     0x00002c14      0x30d E:/Freescale/CW MCU v10.5/MCU/ARM_GCC_Support/ewl/lib/armv6-m\libc.a(ctype_aeabi.o)
 .debug_loc     0x00002f21      0x305 E:/Freescale/CW MCU v10.5/MCU/ARM_GCC_Support/ewl/lib/armv6-m\libc.a(__strtoul.o)
 .debug_loc     0x00003226      0x14a E:/Freescale/CW MCU v10.5/MCU/ARM_GCC_Support/ewl/lib/armv6-m\libc.a(__filll_mem.o)
 .debug_loc     0x00003370       0x77 E:/Freescale/CW MCU v10.5/MCU/ARM_GCC_Support/ewl/lib/armv6-m\libc.a(memchr.o)
 .debug_loc     0x000033e7       0x59 E:/Freescale/CW MCU v10.5/MCU/ARM_GCC_Support/ewl/lib/armv6-m\libc.a(memcpy.o)
 .debug_loc     0x00003440       0xaf E:/Freescale/CW MCU v10.5/MCU/ARM_GCC_Support/ewl/lib/armv6-m\libc.a(strchr.o)
 .debug_loc     0x000034ef       0x33 E:/Freescale/CW MCU v10.5/MCU/ARM_GCC_Support/ewl/lib/armv6-m\libc.a(strlen.o)
 .debug_loc     0x00003522       0x9d E:/Freescale/CW MCU v10.5/MCU/ARM_GCC_Support/ewl/lib/armv6-m\librt.a(gcc_ctor_dtor.o)
 .debug_loc     0x000035bf       0xd9 E:/Freescale/CW MCU v10.5/MCU/ARM_GCC_Support/ewl/lib/armv6-m\librt.a(ROMCopy.o)
 .debug_loc     0x00003698      0x197 E:/Freescale/CW MCU v10.5/MCU/ARM_GCC_Support/ewl/lib/armv6-m\librt.a(__arm_eabi_init.o)

.debug_frame    0x00000000      0xfcc
 .debug_frame   0x00000000       0x6c ./Generated_Code/PE_LDD.o
 .debug_frame   0x0000006c       0x80 ./Generated_Code/Cpu.o
 .debug_frame   0x000000ec       0xf0 ./Generated_Code/BitIoLdd3.o
 .debug_frame   0x000001dc       0xf0 ./Generated_Code/BitIoLdd2.o
 .debug_frame   0x000002cc       0xf0 ./Generated_Code/BitIoLdd1.o
 .debug_frame   0x000003bc      0x130 ./Generated_Code/AdcLdd1.o
 .debug_frame   0x000004ec      0x138 ./Generated_Code/ASerialLdd2.o
 .debug_frame   0x00000624      0x138 ./Generated_Code/ASerialLdd1.o
 .debug_frame   0x0000075c       0xe0 ./Generated_Code/AS2.o
 .debug_frame   0x0000083c       0xe0 ./Generated_Code/AS1.o
 .debug_frame   0x0000091c       0xe4 ./Generated_Code/AD1.o
 .debug_frame   0x00000a00       0x4c ./Project_Settings/Startup_Code/__arm_start.o
 .debug_frame   0x00000a4c       0x30 ./Project_Settings/Startup_Code/__arm_end.o
 .debug_frame   0x00000a7c       0x4c ./Sources/ProcessorExpert.o
 .debug_frame   0x00000ac8       0x64 ./Sources/Events.o
 .debug_frame   0x00000b2c       0x2c E:/Freescale/CW MCU v10.5/MCU/ARM_GCC_Support/ewl/lib/armv6-m\libc.a(exit.o)
 .debug_frame   0x00000b58       0x28 E:/Freescale/CW MCU v10.5/MCU/ARM_GCC_Support/ewl/lib/armv6-m\libc.a(memset.o)
 .debug_frame   0x00000b80       0x54 E:/Freescale/CW MCU v10.5/MCU/ARM_GCC_Support/ewl/lib/armv6-m\libc.a(printformat_.o)
 .debug_frame   0x00000bd4       0x34 E:/Freescale/CW MCU v10.5/MCU/ARM_GCC_Support/ewl/lib/armv6-m\libc.a(scanformat_.o)
 .debug_frame   0x00000c08      0x158 E:/Freescale/CW MCU v10.5/MCU/ARM_GCC_Support/ewl/lib/armv6-m\libc.a(ctype_aeabi.o)
 .debug_frame   0x00000d60       0x30 E:/Freescale/CW MCU v10.5/MCU/ARM_GCC_Support/ewl/lib/armv6-m\libc.a(__strtoul.o)
 .debug_frame   0x00000d90       0x2c E:/Freescale/CW MCU v10.5/MCU/ARM_GCC_Support/ewl/lib/armv6-m\libc.a(__filll_mem.o)
 .debug_frame   0x00000dbc       0x28 E:/Freescale/CW MCU v10.5/MCU/ARM_GCC_Support/ewl/lib/armv6-m\libc.a(memchr.o)
 .debug_frame   0x00000de4       0x28 E:/Freescale/CW MCU v10.5/MCU/ARM_GCC_Support/ewl/lib/armv6-m\libc.a(memcpy.o)
 .debug_frame   0x00000e0c       0x28 E:/Freescale/CW MCU v10.5/MCU/ARM_GCC_Support/ewl/lib/armv6-m\libc.a(strchr.o)
 .debug_frame   0x00000e34       0x28 E:/Freescale/CW MCU v10.5/MCU/ARM_GCC_Support/ewl/lib/armv6-m\libc.a(strlen.o)
 .debug_frame   0x00000e5c       0x20 e:/freescale/cw mcu v10.5/cross_tools/arm-none-eabi-gcc-4_7_3/bin/../lib/gcc/arm-none-eabi/4.7.3/armv6-m\libgcc.a(_udivsi3.o)
 .debug_frame   0x00000e7c       0x40 E:/Freescale/CW MCU v10.5/MCU/ARM_GCC_Support/ewl/lib/armv6-m\librt.a(gcc_ctor_dtor.o)
 .debug_frame   0x00000ebc       0x54 E:/Freescale/CW MCU v10.5/MCU/ARM_GCC_Support/ewl/lib/armv6-m\librt.a(ROMCopy.o)
 .debug_frame   0x00000f10       0xbc E:/Freescale/CW MCU v10.5/MCU/ARM_GCC_Support/ewl/lib/armv6-m\librt.a(__arm_eabi_init.o)
